{
  "uid": "a1b2c3d4-e5f6-4a7b-8c9d-seg000000001",
  "name": "Kubernetes Alpha",
  "description": "Filters data for Kubernetes cluster alpha",
  "isPublic": true,
  "owner": "admin@example.invalid",
  "version": 3,
  "includes": [
    {
      "dataType": "all",
      "filter": "k8s.cluster.name = \"alpha\""
    },
    {
      "dataType": "logs",
      "filter": "dt.system.bucket = \"custom-logs\""
    }
  ],
  "variables": {
    "query": "data record(ns=\"namespace-a\"), record(ns=\"namespace-b\")",
    "columns": [
      "ns"
    ]
  },
  "allowedOperations": [
    "READ",
    "WRITE",
    "DELETE"
  ]
}
